---
source: crates/sm-cli/tests/mcp_schema_snapshot_test.rs
expression: tool
---
{
  "description": "Report session-matters daemon health, LOST sessions, and v1 runtime driver status.",
  "inputSchema": {
    "additionalProperties": false,
    "properties": {},
    "type": "object"
  },
  "name": "doctor",
  "outputSchema": {
    "properties": {
      "findings": {
        "items": {
          "type": "object"
        },
        "type": "array"
      },
      "runtime": {
        "type": "string"
      },
      "status": {
        "type": "string"
      }
    },
    "required": [
      "status",
      "runtime",
      "findings"
    ],
    "type": "object"
  }
}
